!<arch>
1               1520431881  10955 0     100644  7         `
coucou

2               1520431886  10955 0     100644  6         `
salut
