!<arch>
#1/20           1520449798  10955 0     100644  26                