!<arch>
empty           1520453582  10955 0     100644  0         `
