!<arch>
toto            1520419496  10955 0     100644  a         `
salut
